---
source: crates/obu-node-repl/tests/description_snapshot.rs
expression: body
---
Execute JavaScript in a persistent Node-backed open-browser-use kernel.

Use this tool when a task benefits from JavaScript state, top-level `await`,
module imports, filesystem inspection, data shaping, or repeated probing. Each
call runs as a fresh ES module in the same Node child. Top-level `let`/`const`
bindings from successful calls are carried forward by the kernel, so you can
define helper functions once and reuse them later. `js_reset` clears that state
by respawning the child and refreshes runtime browser descriptors before the
new child starts.

When `@open-browser-use/sdk` is installed in a trusted module directory, the kernel
automatically installs the global `agent`. Use `agent.browsers.get("cdp")` or
`agent.browsers.get("chrome")` to drive a browser through the Playwright-shaped
open-browser-use SDK. This is the browser automation surface: do not ask for separate
`click`, `type`, `screenshot`, or `scroll` tools. Write JavaScript with
`agent`, `tab`, `locator`, and `tab.cua` instead.
`agent.browsers.get(...)` is async. For browser tasks, keep persistent handles on
`globalThis` so later cells continue the same visible task instead of opening a
new tab:

```js
if (!globalThis.browser) {
  globalThis.browser = await agent.browsers.get("chrome");
}
await browser.name("short task label");
if (typeof tab === "undefined") {
  globalThis.tab =
    (await browser.tabs.current()) ?? (await browser.tabs.create("about:blank"));
}
```

`browser.tabs.create()` accepts either a URL string or `{ url }`; with no URL it
creates `about:blank`. Keep the returned `Tab` handle and use
`await tab.goto(url)` for repeated same-task or same-site navigation instead of
creating a new tab for every URL. One browser session can hold multiple `Tab`
handles; keep them in intentionally named variables and move data explicitly
between tabs.
For setup verification, browser readiness probes, and repeated work in the same
browser session, use `browser.turnEnded()` so active tabs remain controlled.
Use `browser.finishTurn({ keep: [] })` only when cleanup is intentional; it
first finalizes tabs, which closes agent-created tabs or releases user-claimed
tabs before ending the turn.
The WebExtension backend cannot drive `file://` pages. Serve local files over
HTTP, for example `python3 -m http.server`, and navigate to
`http://127.0.0.1:...`.

Fast browser work rules:
- Call `browser.name("short task label")` early for real browser tasks so Chrome
  tab groups are attributable.
- Reuse the same `browser` and `tab` handles. Use `tab.goto(...)` for same-task
  navigation and create new tabs only when the task genuinely needs multiple
  pages.
- Prefer `browser.tabs.current()` for same-task continuation after thinking. Use
  `browser.tabs.selected()` only as browser-visible discovery; if it returns a
  user tab reference, claim/resume it explicitly before issuing actions.
- If the human needs to take over the visible page, call
  `await browser.yieldControl()` instead of `finishTurn(...)`. Resume with
  `globalThis.tab = await browser.resumeControl()` before issuing actions.
- Use `tab.snapshotText()` or targeted locators for page state. Reuse the last
  snapshot until navigation, a modal/dropdown, timeout, strict-match failure, or
  parse failure means the UI changed.
- Avoid broad browser-boundary loops such as `all()` followed by many
  `getAttribute()` or `innerText()` calls. Use one constrained locator or one
  page-side `tab.evaluate(...)` for bulk extraction.
- Arm `waitForEvent("download")` or `waitForEvent("filechooser")` before the
  click that triggers it, then consume the returned handle.
- Run `browser_status` before the first browser action when readiness is
  uncertain. Do not repeat setup diagnostics after an available backend is proven
  unless a browser call fails.
- Do not brute-force undocumented search URLs, query parameter grids, search
  engine query rewrites, or candidate URL arrays unless the user explicitly asks
  for exhaustive coverage. If one candidate fails, try at most one new approach,
  then switch to visible page navigation or report the best current result.
- Once a page exposes one authoritative signal, such as a success toast, cart
  line item, selected option, checked state, modal content, or URL parameter,
  treat it as the answer unless another signal directly contradicts it. Do not
  keep re-verifying the same fact through alternate surfaces.
- Native `alert` and `beforeunload` dialogs on controlled tabs are auto-accepted.
  Native `confirm` and `prompt` dialogs are dismissed and fail the operation with
  `ObuError.code === -1203` and `error.data.code === "dialog_requires_decision"`.

## Arguments

- `source` — JavaScript source to execute.
- `timeout_ms` — optional execution timeout in milliseconds. On timeout the
  current Node child is killed and the next `js` call starts a fresh child.

## Result

The structured result contains:

- `stdout` — captured `console.log`, `console.info`, `console.warn`,
  `console.error`, and `nodeRepl.write` output.
- `stderr` — reserved for future split capture; currently empty.
- `result` — the JSON-serializable value of the last expression, or `null`.
- `duration_ms` — kernel-measured execution time.
- `truncated` — field-level budget flags for `stdout`, `stderr`, `result`, and
  `displays`.
- `displays` — values emitted by `display(value)`.
- `artifacts` — MCP resource summaries for large payloads spilled out of the
  structured result.
- `response_meta` — metadata set with `nodeRepl.setResponseMeta(value)`.
- `error` — JavaScript user-code error message when the cell fails, otherwise
  `null`. JavaScript errors are tool results with `isError: true`; invalid MCP
  arguments, timeouts, and kernel transport failures are protocol errors.

The MCP text `content` is only a short status summary. Read
`structuredContent` for the actual data.

## Globals

- `display(value)` — show progress. Strings and JSON-compatible values stream
  live via MCP `notifications/progress` when the client provides a progress
  token, and are also returned in `displays`. Image payloads shaped as
  `{ __obuImage: true, mime_type, data }` are not streamed, and the final result
  stores them as MCP resource links instead of inline base64.
- `nodeRepl.cwd` — current working directory.
- `nodeRepl.homeDir` — user home directory, when available.
- `nodeRepl.tmpDir` — scratch directory.
- `nodeRepl.requestMeta` — per-request metadata supplied by the MCP client.
- `nodeRepl.setResponseMeta(value)` — attach response metadata.
- `nodeRepl.write(string)` — append low-level text output. Prefer `display`
  for user-facing progress.
- `process` and `node:process` are intentionally unavailable to user code.
  Filesystem reads are allowed for imports and inspection; filesystem writes are
  blocked by Node's permission model unless the host launch explicitly allows
  them.
- `obuRepl.discoverBackends()` — trusted SDK backend inventory seeded by the
  Rust parent from `OBU_BACKENDS`.
- `obuRepl.discoverBackendDiagnostics()` — ignored runtime backend descriptor
  reasons, useful when browser setup is not discoverable.
- `agent` — installed when trusted `@open-browser-use/sdk` is discoverable. Use
  `await agent.browsers.get(kind)` to connect lazily.
- `help()` — prints the SDK API table.

## Token budget

Keep `stdout`, final expression values, and `display()` payloads small. The MCP
server caps large text/JSON fields and spills image-like base64 payloads to
resources, but concise summaries are still the best path. Prefer
`tab.snapshotText()`, `tab.evaluate(...)`, and `tab.screenshotForModel(...)`
over raw CDP evaluation or raw screenshot returns. Text/JSON `display()` frames
can stream as progress, but they are also included in the final result.

## Examples

```js
if (!globalThis.browser) {
  globalThis.browser = await agent.browsers.get("cdp");
}
await browser.name("Docs check");
if (typeof tab === "undefined") {
  globalThis.tab =
    (await browser.tabs.current()) ?? (await browser.tabs.create("https://example.com"));
}
await tab.attach();
await tab.goto("https://example.com/docs");
await tab.locator("h1").click();
await tab.screenshotForModel({ clip: { x: 0, y: 0, width: 900, height: 700, scale: 0.5 } });
await browser.turnEnded();
```

```js
if (!globalThis.browser) {
  globalThis.browser = await agent.browsers.get("chrome");
}
await browser.name("Save button");
if (typeof tab === "undefined") {
  globalThis.tab =
    (await browser.tabs.current()) ?? (await browser.tabs.create("data:text/html,<button>Save</button>"));
}
await tab.attach();
await tab.getByRole("button", { name: "Save" }).click();
await browser.turnEnded();
```

```js
const browser = await agent.browsers.get("chrome");
const source = await browser.tabs.create("https://example.com/source");
const target = await browser.tabs.create("https://example.com/target");
await source.attach();
await target.attach();
const text = await source.getByRole("main").innerText();
await target.getByLabel("Notes").fill(text);
await browser.turnEnded();
```

```js
const browser = await agent.browsers.get("chrome");
for (const deliverable of await browser.deliverables()) {
  display({ recoverableTab: deliverable.tabId, title: deliverable.title });
  await deliverable.claim();
}
await browser.clearLifecycleDiagnostics();
```

```js
display("checking package metadata");
const pkg = await import("./package.json", { with: { type: "json" } });
pkg.default.version;
```

Use `js_add_module_dir({ path })` before importing packages from an additional
absolute directory. The directory is added to the kernel's bare-module import
roots and is also included when the kernel respawns.
